B A
A E
E N
N M
M L
L D
D C
C J
J K
K R
R S
S T
T O
O F
F G
G P
P Q
Q I
I H
