F G
G H
H B
B A
A E
E D
D C
C J
J I
I Q
Q P
P T
T S
S R
R K
K L
L M
M N
N O
